2026-08-15 03:35:27.903: [INFO] BookmarksSnapshot Shutdown total=0 bar=0 other=0 mobile=0 showBar=0 showBarNTP=1
2026-08-15 03:36:07.984: [INFO] CurrentProfilePath: F:\jenkin\.metadata\.plugins\org.eclipse.swt\EBWebView\Default
2026-08-15 03:36:07.984: [INFO] Profiles total count: 1
2026-08-15 03:36:07.984: [INFO] Profile: name=Profile 1 path=F:\jenkin\.metadata\.plugins\org.eclipse.swt\EBWebView\Default lastActive=null
2026-08-15 03:36:07.984: [INFO] LastUsedProfileDir: F:\jenkin\.metadata\.plugins\org.eclipse.swt\EBWebView\Default
2026-08-15 03:36:07.984: [INFO] OnDoneLoading sync enabled: 0
2026-08-15 03:36:07.984: [INFO] BookmarkModelLoaded, ids_reassigned: 0
2026-08-15 03:36:07.984: [INFO] BookmarksLoadDropped droppedNodes=0
2026-08-15 03:36:07.984: [INFO] BookmarksSnapshot Startup total=0 bar=0 other=0 mobile=0 showBar=0 showBarNTP=1
2026-08-15 03:36:29.188: [INFO] BookmarksSnapshot Shutdown total=0 bar=0 other=0 mobile=0 showBar=0 showBarNTP=1
2026-08-15 03:52:04.961: [INFO] CurrentProfilePath: F:\jenkin\.metadata\.plugins\org.eclipse.swt\EBWebView\Default
2026-08-15 03:52:04.961: [INFO] Profiles total count: 1
2026-08-15 03:52:04.961: [INFO] Profile: name=Profile 1 path=F:\jenkin\.metadata\.plugins\org.eclipse.swt\EBWebView\Default lastActive=2026-08-15T03:36:20.161Z
2026-08-15 03:52:04.961: [INFO] LastUsedProfileDir: F:\jenkin\.metadata\.plugins\org.eclipse.swt\EBWebView\Default
2026-08-15 03:52:04.961: [INFO] MostRecentlyActiveProfile: name=Profile 1 path=F:\jenkin\.metadata\.plugins\org.eclipse.swt\EBWebView\Default lastActive=2026-08-15T03:36:20.161Z
2026-08-15 03:52:04.961: [INFO] OnDoneLoading sync enabled: 0
2026-08-15 03:52:04.961: [INFO] BookmarkModelLoaded, ids_reassigned: 0
2026-08-15 03:52:04.961: [INFO] BookmarksLoadDropped droppedNodes=0
2026-08-15 03:52:04.961: [INFO] BookmarksSnapshot Startup total=0 bar=0 other=0 mobile=0 showBar=0 showBarNTP=1
2026-08-15 03:57:59.961: [INFO] BookmarksSnapshot Shutdown total=0 bar=0 other=0 mobile=0 showBar=0 showBarNTP=1
2026-08-15 04:14:39.668: [INFO] CurrentProfilePath: F:\jenkin\.metadata\.plugins\org.eclipse.swt\EBWebView\Default
2026-08-15 04:14:39.669: [INFO] Profiles total count: 1
2026-08-15 04:14:39.669: [INFO] Profile: name=Profile 1 path=F:\jenkin\.metadata\.plugins\org.eclipse.swt\EBWebView\Default lastActive=2026-08-15T03:36:20.161Z
2026-08-15 04:14:39.669: [INFO] LastUsedProfileDir: F:\jenkin\.metadata\.plugins\org.eclipse.swt\EBWebView\Default
2026-08-15 04:14:39.669: [INFO] MostRecentlyActiveProfile: name=Profile 1 path=F:\jenkin\.metadata\.plugins\org.eclipse.swt\EBWebView\Default lastActive=2026-08-15T03:36:20.161Z
2026-08-15 04:14:39.669: [INFO] OnDoneLoading sync enabled: 0
2026-08-15 04:14:39.669: [INFO] BookmarkModelLoaded, ids_reassigned: 0
2026-08-15 04:14:39.669: [INFO] BookmarksLoadDropped droppedNodes=0
2026-08-15 04:14:39.669: [INFO] BookmarksSnapshot Startup total=0 bar=0 other=0 mobile=0 showBar=0 showBarNTP=1
